=======================================================
  INGESTA DE DATOS - Clínica MediSalud S.A.
=======================================================
  Inicio : 2026-05-11 14:04:02
=======================================================

Área: LABORATORIO
  Archivo: laboratorio.csv → copiado correctamente
  Registros encontrados: 0

Área: URGENCIAS
  Archivo: urgencias.json → copiado correctamente
  Registros: no se pudo contar

Área: FARMACIA
  Archivo: farmacia.xml → copiado correctamente
  Registros: no se pudo contar

=======================================================
  RESUMEN
=======================================================
  Archivos procesados : 3
  Archivos con error  : 0
  Total de registros  : 0
  Duración            : 0 segundos
  Fin                 : 2026-05-11 14:04:02
=======================================================
