=======================================================
  INGESTA DE DATOS - Clínica MediSalud S.A.
=======================================================
  Inicio : 2026-05-11 14:02:27
=======================================================

Área: LABORATORIO
  ERROR: Archivo no encontrado en data/raw_origen\laboratorio.csv

Área: URGENCIAS
  ERROR: Archivo no encontrado en data/raw_origen\urgencias.json

Área: FARMACIA
  ERROR: Archivo no encontrado en data/raw_origen\farmacia.xml

=======================================================
  RESUMEN
=======================================================
  Archivos procesados : 0
  Archivos con error  : 3
  Total de registros  : 0
  Duración            : 0 segundos
  Fin                 : 2026-05-11 14:02:27
=======================================================
